<html>
<body>
<pre>
<h1>µVision Build Log</h1>
<h2>Tool Versions:</h2>
IDE-Version: ¦ÌVision V5.24.2.0
Copyright (C) 2017 ARM Ltd and ARM Germany GmbH. All rights reserved.
License Information: 123 user, 1, LIC=LSNXV-PWGJB-EV01R-KRS2T-TN50N-NSAAC
 
Tool Versions:
Toolchain:       MDK-ARM Plus  Version: 5.24.1
Toolchain Path:  D:\Keil5\ARM\ARMCC\Bin
C Compiler:      Armcc.exe V5.06 update 5 (build 528)
Assembler:       Armasm.exe V5.06 update 5 (build 528)
Linker/Locator:  ArmLink.exe V5.06 update 5 (build 528)
Library Manager: ArmAr.exe V5.06 update 5 (build 528)
Hex Converter:   FromElf.exe V5.06 update 5 (build 528)
CPU DLL:         SARMCM3.DLL V5.24.1
Dialog DLL:      DCM.DLL V1.16.0.0
Target DLL:      STLink\ST-LINKIII-KEIL_SWO.dll V3.0.1.0
Dialog DLL:      TCM.DLL V1.32.0.0
 
<h2>Project:</h2>
D:\flushbonading\Airf103CBt6\Air32F103Project\Template.uvprojx
Project File Date:  04/30/2023

<h2>Output:</h2>
*** Using Compiler 'V5.06 update 5 (build 528)', folder: 'D:\Keil5\ARM\ARMCC\Bin'
Build target 'Target 1'
compiling main.c...
linking...
Program Size: Code=1020 RO-data=560 RW-data=0 ZI-data=8288  
".\Objects\Template.axf" - 0 Error(s), 0 Warning(s).

<h2>Software Packages used:</h2>

Package Vendor: ARM
                http://www.keil.com/pack/ARM.CMSIS.5.0.1.pack
                ARM.CMSIS.5.0.1
                CMSIS (Cortex Microcontroller Software Interface Standard)
   * Component: CORE Version: 5.0.1

Package Vendor: Keil
                https://luatos.com/t/air32f103/Keil.AIR32F103_DFP.1.1.1.pack
                Keil.AIR32F103_DFP.1.1.1
                AirM2M AIR32F1 Series Device Support, Drivers
   * Component: RCC Version: 1.0.0
   * Component: GPIO Version: 1.0.0
   * Component: Framework Version: 1.0.1
   * Component: Startup Version: 1.0.0

<h2>Collection of Component include folders:</h2>
  .\RTE\Device\AIR32F103CB
  .\RTE\_Target_1
  D:\Keil5\ARM\PACK\ARM\CMSIS\5.0.1\CMSIS\Include
  D:\Keil5\ARM\PACK\Keil\AIR32F103_DFP\1.1.1\Device\Include
  D:\Keil5\ARM\PACK\Keil\AIR32F103_DFP\1.1.1\Device\StdPeriph_Driver\inc

<h2>Collection of Component Files used:</h2>

   * Component: Keil::Device:StdPeriph Drivers:RCC:1.0.0
      Source file:   Device\StdPeriph_Driver\src\air32f10x_rcc.c
      Include file:  Device\StdPeriph_Driver\inc\air32f10x_rcc_ex.h
      Include file:  Device\StdPeriph_Driver\inc\air32f10x_rcc.h
      Source file:   Device\StdPeriph_Driver\src\air32f10x_rcc_ex.c

   * Component: Keil::Device:StdPeriph Drivers:GPIO:1.0.0
      Include file:  Device\StdPeriph_Driver\inc\air32f10x_gpio.h
      Source file:   Device\StdPeriph_Driver\src\air32f10x_gpio.c

   * Component: Keil::Device:StdPeriph Drivers:Framework:1.0.1
      Include file:  Device\StdPeriph_Driver\templates\air32f10x_it.h
      Source file:   Device\StdPeriph_Driver\templates\air32f10x_it.c
      Include file:  Device\StdPeriph_Driver\inc\misc.h
      Source file:   Device\StdPeriph_Driver\templates\air32f10x_conf.h
      Source file:   Device\StdPeriph_Driver\templates\main.c
      Source file:   Device\StdPeriph_Driver\src\misc.c

   * Component: Keil::Device:Startup:1.0.0
      Source file:   Device\Source\ARM\startup_air32f10x.s
      Source file:   Device\Source\system_air32f10x.c
      Include file:  RTE_Driver\Config\RTE_Device.h

   * Component: ARM::CMSIS:CORE:5.0.1
Build Time Elapsed:  00:00:01
</pre>
</body>
</html>
